// Jest Snapshot v1, https://goo.gl/fbAQLP

exports[`Offers Content API Can request offer 1: [body] 1`] = `
Object {
  "offers": Array [
    Object {
      "amount": 12,
      "cadence": "year",
      "code": "black-friday",
      "currency": null,
      "currency_restriction": false,
      "display_description": "",
      "display_title": "",
      "duration": "once",
      "duration_in_months": null,
      "id": StringMatching /\\[a-f0-9\\]\\{24\\}/,
      "name": "Black Friday",
      "redemption_count": 0,
      "status": "active",
      "tier": Object {
        "id": StringMatching /\\[a-f0-9\\]\\{24\\}/,
        "name": "Default Product",
      },
      "type": "percent",
    },
  ],
}
`;

exports[`Offers Content API Can request offer 2: [headers] 1`] = `
Object {
  "access-control-allow-origin": "*",
  "cache-control": "no-cache, private, no-store, must-revalidate, max-stale=0, post-check=0, pre-check=0",
  "content-length": "374",
  "content-type": "application/json; charset=utf-8",
  "etag": StringMatching /\\(\\?:W\\\\/\\)\\?"\\(\\?:\\[ !#-\\\\x7E\\\\x80-\\\\xFF\\]\\*\\|\\\\r\\\\n\\[\\\\t \\]\\|\\\\\\\\\\.\\)\\*"/,
  "vary": "Accept-Encoding",
  "x-powered-by": "Express",
}
`;
