// Jest Snapshot v1, https://goo.gl/fbAQLP

exports[`post.* events post.added event is triggered 1: [body] 1`] = `
Object {
  "post": Object {
    "current": Object {
      "authors": Array [
        Object {
          "accessibility": null,
          "bio": "bio",
          "comment_notifications": true,
          "cover_image": null,
          "created_at": StringMatching /\\\\d\\{4\\}-\\\\d\\{2\\}-\\\\d\\{2\\}T\\\\d\\{2\\}:\\\\d\\{2\\}:\\\\d\\{2\\}\\\\\\.000Z/,
          "email": "jbloggs@example.com",
          "facebook": null,
          "id": "1",
          "last_seen": StringMatching /\\\\d\\{4\\}-\\\\d\\{2\\}-\\\\d\\{2\\}T\\\\d\\{2\\}:\\\\d\\{2\\}:\\\\d\\{2\\}\\\\\\.000Z/,
          "location": "location",
          "meta_description": null,
          "meta_title": null,
          "name": "Joe Bloggs",
          "profile_image": "https://example.com/super_photo.jpg",
          "slug": "joe-bloggs",
          "status": "active",
          "tour": null,
          "twitter": null,
          "updated_at": StringMatching /\\\\d\\{4\\}-\\\\d\\{2\\}-\\\\d\\{2\\}T\\\\d\\{2\\}:\\\\d\\{2\\}:\\\\d\\{2\\}\\\\\\.000Z/,
          "url": "http://127.0.0.1:2369/author/joe-bloggs/",
          "website": null,
        },
      ],
      "canonical_url": null,
      "codeinjection_foot": null,
      "codeinjection_head": null,
      "comment_id": StringMatching /\\[a-f0-9\\]\\{24\\}/,
      "created_at": StringMatching /\\\\d\\{4\\}-\\\\d\\{2\\}-\\\\d\\{2\\}T\\\\d\\{2\\}:\\\\d\\{2\\}:\\\\d\\{2\\}\\\\\\.000Z/,
      "custom_excerpt": null,
      "custom_template": null,
      "email": Object {},
      "email_only": false,
      "email_segment": "all",
      "email_subject": null,
      "excerpt": null,
      "feature_image": null,
      "feature_image_alt": null,
      "feature_image_caption": null,
      "featured": false,
      "frontmatter": null,
      "html": null,
      "id": StringMatching /\\[a-f0-9\\]\\{24\\}/,
      "meta_description": null,
      "meta_title": null,
      "mobiledoc": "{\\"version\\":\\"0.3.1\\",\\"ghostVersion\\":\\"4.0\\",\\"markups\\":[],\\"atoms\\":[],\\"cards\\":[],\\"sections\\":[[1,\\"p\\",[[0,[],0,\\"\\"]]]]}",
      "og_description": null,
      "og_image": null,
      "og_title": null,
      "primary_author": Object {
        "accessibility": null,
        "bio": "bio",
        "comment_notifications": true,
        "cover_image": null,
        "created_at": StringMatching /\\\\d\\{4\\}-\\\\d\\{2\\}-\\\\d\\{2\\}T\\\\d\\{2\\}:\\\\d\\{2\\}:\\\\d\\{2\\}\\\\\\.000Z/,
        "email": "jbloggs@example.com",
        "facebook": null,
        "id": "1",
        "last_seen": StringMatching /\\\\d\\{4\\}-\\\\d\\{2\\}-\\\\d\\{2\\}T\\\\d\\{2\\}:\\\\d\\{2\\}:\\\\d\\{2\\}\\\\\\.000Z/,
        "location": "location",
        "meta_description": null,
        "meta_title": null,
        "name": "Joe Bloggs",
        "profile_image": "https://example.com/super_photo.jpg",
        "slug": "joe-bloggs",
        "status": "active",
        "tour": null,
        "twitter": null,
        "updated_at": StringMatching /\\\\d\\{4\\}-\\\\d\\{2\\}-\\\\d\\{2\\}T\\\\d\\{2\\}:\\\\d\\{2\\}:\\\\d\\{2\\}\\\\\\.000Z/,
        "url": "http://127.0.0.1:2369/author/joe-bloggs/",
        "website": null,
      },
      "primary_tag": null,
      "published_at": null,
      "slug": "testing-post-added-webhook",
      "status": "draft",
      "tags": Array [],
      "tiers": Array [
        Object {
          "active": true,
          "created_at": StringMatching /\\\\d\\{4\\}-\\\\d\\{2\\}-\\\\d\\{2\\}T\\\\d\\{2\\}:\\\\d\\{2\\}:\\\\d\\{2\\}\\\\\\.000Z/,
          "description": null,
          "id": StringMatching /\\[a-f0-9\\]\\{24\\}/,
          "monthly_price_id": null,
          "name": "Default Product",
          "slug": "default-product",
          "type": "paid",
          "updated_at": StringMatching /\\\\d\\{4\\}-\\\\d\\{2\\}-\\\\d\\{2\\}T\\\\d\\{2\\}:\\\\d\\{2\\}:\\\\d\\{2\\}\\\\\\.000Z/,
          "visibility": "public",
          "welcome_page_url": null,
          "yearly_price_id": null,
        },
        Object {
          "active": true,
          "created_at": StringMatching /\\\\d\\{4\\}-\\\\d\\{2\\}-\\\\d\\{2\\}T\\\\d\\{2\\}:\\\\d\\{2\\}:\\\\d\\{2\\}\\\\\\.000Z/,
          "description": null,
          "id": StringMatching /\\[a-f0-9\\]\\{24\\}/,
          "monthly_price_id": null,
          "name": "Free",
          "slug": "free",
          "type": "free",
          "updated_at": StringMatching /\\\\d\\{4\\}-\\\\d\\{2\\}-\\\\d\\{2\\}T\\\\d\\{2\\}:\\\\d\\{2\\}:\\\\d\\{2\\}\\\\\\.000Z/,
          "visibility": "public",
          "welcome_page_url": null,
          "yearly_price_id": null,
        },
      ],
      "title": "testing post.added webhook",
      "twitter_description": null,
      "twitter_image": null,
      "twitter_title": null,
      "updated_at": StringMatching /\\\\d\\{4\\}-\\\\d\\{2\\}-\\\\d\\{2\\}T\\\\d\\{2\\}:\\\\d\\{2\\}:\\\\d\\{2\\}\\\\\\.000Z/,
      "url": StringMatching /http:\\\\/\\\\/127\\.0\\.0\\.1:2369\\\\/\\\\w\\+\\\\//,
      "uuid": StringMatching /\\[a-f0-9\\]\\{8\\}-\\[a-f0-9\\]\\{4\\}-\\[a-f0-9\\]\\{4\\}-\\[a-f0-9\\]\\{4\\}-\\[a-f0-9\\]\\{12\\}/,
      "visibility": "public",
    },
    "previous": Object {},
  },
}
`;

exports[`post.* events post.published event is triggered 1: [body] 1`] = `
Object {
  "post": Object {
    "current": Object {
      "authors": Array [
        Object {
          "accessibility": null,
          "bio": "bio",
          "comment_notifications": true,
          "cover_image": null,
          "created_at": StringMatching /\\\\d\\{4\\}-\\\\d\\{2\\}-\\\\d\\{2\\}T\\\\d\\{2\\}:\\\\d\\{2\\}:\\\\d\\{2\\}\\\\\\.000Z/,
          "email": "jbloggs@example.com",
          "facebook": null,
          "id": "1",
          "last_seen": StringMatching /\\\\d\\{4\\}-\\\\d\\{2\\}-\\\\d\\{2\\}T\\\\d\\{2\\}:\\\\d\\{2\\}:\\\\d\\{2\\}\\\\\\.000Z/,
          "location": "location",
          "meta_description": null,
          "meta_title": null,
          "name": "Joe Bloggs",
          "profile_image": "https://example.com/super_photo.jpg",
          "roles": Array [
            Object {
              "created_at": StringMatching /\\\\d\\{4\\}-\\\\d\\{2\\}-\\\\d\\{2\\}T\\\\d\\{2\\}:\\\\d\\{2\\}:\\\\d\\{2\\}\\\\\\.000Z/,
              "description": "Blog Owner",
              "id": StringMatching /\\[a-f0-9\\]\\{24\\}/,
              "name": "Owner",
              "updated_at": StringMatching /\\\\d\\{4\\}-\\\\d\\{2\\}-\\\\d\\{2\\}T\\\\d\\{2\\}:\\\\d\\{2\\}:\\\\d\\{2\\}\\\\\\.000Z/,
            },
          ],
          "slug": "joe-bloggs",
          "status": "active",
          "tour": null,
          "twitter": null,
          "updated_at": StringMatching /\\\\d\\{4\\}-\\\\d\\{2\\}-\\\\d\\{2\\}T\\\\d\\{2\\}:\\\\d\\{2\\}:\\\\d\\{2\\}\\\\\\.000Z/,
          "url": "http://127.0.0.1:2369/author/joe-bloggs/",
          "website": null,
        },
      ],
      "canonical_url": null,
      "codeinjection_foot": null,
      "codeinjection_head": null,
      "comment_id": StringMatching /\\[a-f0-9\\]\\{24\\}/,
      "created_at": StringMatching /\\\\d\\{4\\}-\\\\d\\{2\\}-\\\\d\\{2\\}T\\\\d\\{2\\}:\\\\d\\{2\\}:\\\\d\\{2\\}\\\\\\.000Z/,
      "custom_excerpt": null,
      "custom_template": null,
      "email_only": false,
      "email_segment": "all",
      "email_subject": null,
      "excerpt": null,
      "feature_image": null,
      "feature_image_alt": null,
      "feature_image_caption": null,
      "featured": false,
      "frontmatter": null,
      "html": null,
      "id": StringMatching /\\[a-f0-9\\]\\{24\\}/,
      "meta_description": null,
      "meta_title": null,
      "mobiledoc": "{\\"version\\":\\"0.3.1\\",\\"ghostVersion\\":\\"4.0\\",\\"markups\\":[],\\"atoms\\":[],\\"cards\\":[],\\"sections\\":[[1,\\"p\\",[[0,[],0,\\"\\"]]]]}",
      "og_description": null,
      "og_image": null,
      "og_title": null,
      "primary_author": Object {
        "accessibility": null,
        "bio": "bio",
        "comment_notifications": true,
        "cover_image": null,
        "created_at": StringMatching /\\\\d\\{4\\}-\\\\d\\{2\\}-\\\\d\\{2\\}T\\\\d\\{2\\}:\\\\d\\{2\\}:\\\\d\\{2\\}\\\\\\.000Z/,
        "email": "jbloggs@example.com",
        "facebook": null,
        "id": "1",
        "last_seen": StringMatching /\\\\d\\{4\\}-\\\\d\\{2\\}-\\\\d\\{2\\}T\\\\d\\{2\\}:\\\\d\\{2\\}:\\\\d\\{2\\}\\\\\\.000Z/,
        "location": "location",
        "meta_description": null,
        "meta_title": null,
        "name": "Joe Bloggs",
        "profile_image": "https://example.com/super_photo.jpg",
        "roles": Array [
          Object {
            "created_at": StringMatching /\\\\d\\{4\\}-\\\\d\\{2\\}-\\\\d\\{2\\}T\\\\d\\{2\\}:\\\\d\\{2\\}:\\\\d\\{2\\}\\\\\\.000Z/,
            "description": "Blog Owner",
            "id": StringMatching /\\[a-f0-9\\]\\{24\\}/,
            "name": "Owner",
            "updated_at": StringMatching /\\\\d\\{4\\}-\\\\d\\{2\\}-\\\\d\\{2\\}T\\\\d\\{2\\}:\\\\d\\{2\\}:\\\\d\\{2\\}\\\\\\.000Z/,
          },
        ],
        "slug": "joe-bloggs",
        "status": "active",
        "tour": null,
        "twitter": null,
        "updated_at": StringMatching /\\\\d\\{4\\}-\\\\d\\{2\\}-\\\\d\\{2\\}T\\\\d\\{2\\}:\\\\d\\{2\\}:\\\\d\\{2\\}\\\\\\.000Z/,
        "url": "http://127.0.0.1:2369/author/joe-bloggs/",
        "website": null,
      },
      "primary_tag": null,
      "published_at": StringMatching /\\\\d\\{4\\}-\\\\d\\{2\\}-\\\\d\\{2\\}T\\\\d\\{2\\}:\\\\d\\{2\\}:\\\\d\\{2\\}\\\\\\.000Z/,
      "slug": "webhookz",
      "status": "published",
      "tags": Array [],
      "tiers": Array [
        Object {
          "active": true,
          "created_at": StringMatching /\\\\d\\{4\\}-\\\\d\\{2\\}-\\\\d\\{2\\}T\\\\d\\{2\\}:\\\\d\\{2\\}:\\\\d\\{2\\}\\\\\\.000Z/,
          "description": null,
          "id": StringMatching /\\[a-f0-9\\]\\{24\\}/,
          "monthly_price_id": null,
          "name": "Default Product",
          "slug": "default-product",
          "type": "paid",
          "updated_at": StringMatching /\\\\d\\{4\\}-\\\\d\\{2\\}-\\\\d\\{2\\}T\\\\d\\{2\\}:\\\\d\\{2\\}:\\\\d\\{2\\}\\\\\\.000Z/,
          "visibility": "public",
          "welcome_page_url": null,
          "yearly_price_id": null,
        },
        Object {
          "active": true,
          "created_at": StringMatching /\\\\d\\{4\\}-\\\\d\\{2\\}-\\\\d\\{2\\}T\\\\d\\{2\\}:\\\\d\\{2\\}:\\\\d\\{2\\}\\\\\\.000Z/,
          "description": null,
          "id": StringMatching /\\[a-f0-9\\]\\{24\\}/,
          "monthly_price_id": null,
          "name": "Free",
          "slug": "free",
          "type": "free",
          "updated_at": StringMatching /\\\\d\\{4\\}-\\\\d\\{2\\}-\\\\d\\{2\\}T\\\\d\\{2\\}:\\\\d\\{2\\}:\\\\d\\{2\\}\\\\\\.000Z/,
          "visibility": "public",
          "welcome_page_url": null,
          "yearly_price_id": null,
        },
      ],
      "title": "webhookz",
      "twitter_description": null,
      "twitter_image": null,
      "twitter_title": null,
      "updated_at": StringMatching /\\\\d\\{4\\}-\\\\d\\{2\\}-\\\\d\\{2\\}T\\\\d\\{2\\}:\\\\d\\{2\\}:\\\\d\\{2\\}\\\\\\.000Z/,
      "url": StringMatching /http:\\\\/\\\\/127\\.0\\.0\\.1:2369\\\\/\\\\w\\+\\\\//,
      "uuid": StringMatching /\\[a-f0-9\\]\\{8\\}-\\[a-f0-9\\]\\{4\\}-\\[a-f0-9\\]\\{4\\}-\\[a-f0-9\\]\\{4\\}-\\[a-f0-9\\]\\{12\\}/,
      "visibility": "public",
    },
    "previous": Object {
      "published_at": null,
      "status": "draft",
      "tiers": Array [
        Object {
          "active": true,
          "created_at": StringMatching /\\\\d\\{4\\}-\\\\d\\{2\\}-\\\\d\\{2\\}T\\\\d\\{2\\}:\\\\d\\{2\\}:\\\\d\\{2\\}\\\\\\.000Z/,
          "description": null,
          "id": StringMatching /\\[a-f0-9\\]\\{24\\}/,
          "monthly_price_id": null,
          "name": "Default Product",
          "slug": "default-product",
          "type": "paid",
          "updated_at": StringMatching /\\\\d\\{4\\}-\\\\d\\{2\\}-\\\\d\\{2\\}T\\\\d\\{2\\}:\\\\d\\{2\\}:\\\\d\\{2\\}\\\\\\.000Z/,
          "visibility": "public",
          "welcome_page_url": null,
          "yearly_price_id": null,
        },
        Object {
          "active": true,
          "created_at": StringMatching /\\\\d\\{4\\}-\\\\d\\{2\\}-\\\\d\\{2\\}T\\\\d\\{2\\}:\\\\d\\{2\\}:\\\\d\\{2\\}\\\\\\.000Z/,
          "description": null,
          "id": StringMatching /\\[a-f0-9\\]\\{24\\}/,
          "monthly_price_id": null,
          "name": "Free",
          "slug": "free",
          "type": "free",
          "updated_at": StringMatching /\\\\d\\{4\\}-\\\\d\\{2\\}-\\\\d\\{2\\}T\\\\d\\{2\\}:\\\\d\\{2\\}:\\\\d\\{2\\}\\\\\\.000Z/,
          "visibility": "public",
          "welcome_page_url": null,
          "yearly_price_id": null,
        },
      ],
      "updated_at": StringMatching /\\\\d\\{4\\}-\\\\d\\{2\\}-\\\\d\\{2\\}T\\\\d\\{2\\}:\\\\d\\{2\\}:\\\\d\\{2\\}\\\\\\.000Z/,
    },
  },
}
`;
