// Jest Snapshot v1, https://goo.gl/fbAQLP

exports[`Members API Member attribution Creates a SubscriptionCreatedEvent with author attribution 1: [body] 1`] = `
Object {
  "members": Array [
    Object {
      "attribution": Object {
        "id": "1",
        "title": "Joe Bloggs",
        "type": "author",
        "url": "http://127.0.0.1:2369/author/joe-bloggs/",
      },
      "avatar_image": null,
      "comped": false,
      "created_at": StringMatching /\\\\d\\{4\\}-\\\\d\\{2\\}-\\\\d\\{2\\}T\\\\d\\{2\\}:\\\\d\\{2\\}:\\\\d\\{2\\}\\\\\\.000Z/,
      "email": Any<String>,
      "email_count": 0,
      "email_open_rate": null,
      "email_opened_count": 0,
      "geolocation": null,
      "id": StringMatching /\\[a-f0-9\\]\\{24\\}/,
      "labels": Any<Array>,
      "last_seen_at": null,
      "name": null,
      "newsletters": Any<Array>,
      "note": null,
      "status": "paid",
      "subscribed": true,
      "subscriptions": Any<Array>,
      "tiers": Any<Array>,
      "updated_at": StringMatching /\\\\d\\{4\\}-\\\\d\\{2\\}-\\\\d\\{2\\}T\\\\d\\{2\\}:\\\\d\\{2\\}:\\\\d\\{2\\}\\\\\\.000Z/,
      "uuid": StringMatching /\\[a-f0-9\\]\\{8\\}-\\[a-f0-9\\]\\{4\\}-\\[a-f0-9\\]\\{4\\}-\\[a-f0-9\\]\\{4\\}-\\[a-f0-9\\]\\{12\\}/,
    },
  ],
}
`;

exports[`Members API Member attribution Creates a SubscriptionCreatedEvent with author attribution 2: [headers] 1`] = `
Object {
  "access-control-allow-origin": "http://127.0.0.1:2369",
  "cache-control": "no-cache, private, no-store, must-revalidate, max-stale=0, post-check=0, pre-check=0",
  "content-length": "2795",
  "content-type": "application/json; charset=utf-8",
  "etag": StringMatching /\\(\\?:W\\\\/\\)\\?"\\(\\?:\\[ !#-\\\\x7E\\\\x80-\\\\xFF\\]\\*\\|\\\\r\\\\n\\[\\\\t \\]\\|\\\\\\\\\\.\\)\\*"/,
  "vary": "Origin, Accept-Encoding",
  "x-powered-by": "Express",
}
`;

exports[`Members API Member attribution Creates a SubscriptionCreatedEvent with deleted post attribution 1: [body] 1`] = `
Object {
  "members": Array [
    Object {
      "attribution": Object {
        "id": null,
        "title": "/removed-blog-post/",
        "type": "url",
        "url": "http://127.0.0.1:2369/removed-blog-post/",
      },
      "avatar_image": null,
      "comped": false,
      "created_at": StringMatching /\\\\d\\{4\\}-\\\\d\\{2\\}-\\\\d\\{2\\}T\\\\d\\{2\\}:\\\\d\\{2\\}:\\\\d\\{2\\}\\\\\\.000Z/,
      "email": Any<String>,
      "email_count": 0,
      "email_open_rate": null,
      "email_opened_count": 0,
      "geolocation": null,
      "id": StringMatching /\\[a-f0-9\\]\\{24\\}/,
      "labels": Any<Array>,
      "last_seen_at": null,
      "name": null,
      "newsletters": Any<Array>,
      "note": null,
      "status": "paid",
      "subscribed": true,
      "subscriptions": Any<Array>,
      "tiers": Any<Array>,
      "updated_at": StringMatching /\\\\d\\{4\\}-\\\\d\\{2\\}-\\\\d\\{2\\}T\\\\d\\{2\\}:\\\\d\\{2\\}:\\\\d\\{2\\}\\\\\\.000Z/,
      "uuid": StringMatching /\\[a-f0-9\\]\\{8\\}-\\[a-f0-9\\]\\{4\\}-\\[a-f0-9\\]\\{4\\}-\\[a-f0-9\\]\\{4\\}-\\[a-f0-9\\]\\{12\\}/,
    },
  ],
}
`;

exports[`Members API Member attribution Creates a SubscriptionCreatedEvent with deleted post attribution 2: [headers] 1`] = `
Object {
  "access-control-allow-origin": "http://127.0.0.1:2369",
  "cache-control": "no-cache, private, no-store, must-revalidate, max-stale=0, post-check=0, pre-check=0",
  "content-length": "2809",
  "content-type": "application/json; charset=utf-8",
  "etag": StringMatching /\\(\\?:W\\\\/\\)\\?"\\(\\?:\\[ !#-\\\\x7E\\\\x80-\\\\xFF\\]\\*\\|\\\\r\\\\n\\[\\\\t \\]\\|\\\\\\\\\\.\\)\\*"/,
  "vary": "Origin, Accept-Encoding",
  "x-powered-by": "Express",
}
`;

exports[`Members API Member attribution Creates a SubscriptionCreatedEvent with empty attribution object 1: [body] 1`] = `
Object {
  "members": Array [
    Object {
      "attribution": null,
      "avatar_image": null,
      "comped": false,
      "created_at": StringMatching /\\\\d\\{4\\}-\\\\d\\{2\\}-\\\\d\\{2\\}T\\\\d\\{2\\}:\\\\d\\{2\\}:\\\\d\\{2\\}\\\\\\.000Z/,
      "email": Any<String>,
      "email_count": 0,
      "email_open_rate": null,
      "email_opened_count": 0,
      "geolocation": null,
      "id": StringMatching /\\[a-f0-9\\]\\{24\\}/,
      "labels": Any<Array>,
      "last_seen_at": null,
      "name": null,
      "newsletters": Any<Array>,
      "note": null,
      "status": "paid",
      "subscribed": true,
      "subscriptions": Any<Array>,
      "tiers": Any<Array>,
      "updated_at": StringMatching /\\\\d\\{4\\}-\\\\d\\{2\\}-\\\\d\\{2\\}T\\\\d\\{2\\}:\\\\d\\{2\\}:\\\\d\\{2\\}\\\\\\.000Z/,
      "uuid": StringMatching /\\[a-f0-9\\]\\{8\\}-\\[a-f0-9\\]\\{4\\}-\\[a-f0-9\\]\\{4\\}-\\[a-f0-9\\]\\{4\\}-\\[a-f0-9\\]\\{12\\}/,
    },
  ],
}
`;

exports[`Members API Member attribution Creates a SubscriptionCreatedEvent with empty attribution object 2: [headers] 1`] = `
Object {
  "access-control-allow-origin": "http://127.0.0.1:2369",
  "cache-control": "no-cache, private, no-store, must-revalidate, max-stale=0, post-check=0, pre-check=0",
  "content-length": "2611",
  "content-type": "application/json; charset=utf-8",
  "etag": StringMatching /\\(\\?:W\\\\/\\)\\?"\\(\\?:\\[ !#-\\\\x7E\\\\x80-\\\\xFF\\]\\*\\|\\\\r\\\\n\\[\\\\t \\]\\|\\\\\\\\\\.\\)\\*"/,
  "vary": "Origin, Accept-Encoding",
  "x-powered-by": "Express",
}
`;

exports[`Members API Member attribution Creates a SubscriptionCreatedEvent with page attribution 1: [body] 1`] = `
Object {
  "members": Array [
    Object {
      "attribution": Object {
        "id": "618ba1ffbe2896088840a6e9",
        "title": "This is a static page",
        "type": "page",
        "url": "http://127.0.0.1:2369/static-page-test/",
      },
      "avatar_image": null,
      "comped": false,
      "created_at": StringMatching /\\\\d\\{4\\}-\\\\d\\{2\\}-\\\\d\\{2\\}T\\\\d\\{2\\}:\\\\d\\{2\\}:\\\\d\\{2\\}\\\\\\.000Z/,
      "email": Any<String>,
      "email_count": 0,
      "email_open_rate": null,
      "email_opened_count": 0,
      "geolocation": null,
      "id": StringMatching /\\[a-f0-9\\]\\{24\\}/,
      "labels": Any<Array>,
      "last_seen_at": null,
      "name": null,
      "newsletters": Any<Array>,
      "note": null,
      "status": "paid",
      "subscribed": true,
      "subscriptions": Any<Array>,
      "tiers": Any<Array>,
      "updated_at": StringMatching /\\\\d\\{4\\}-\\\\d\\{2\\}-\\\\d\\{2\\}T\\\\d\\{2\\}:\\\\d\\{2\\}:\\\\d\\{2\\}\\\\\\.000Z/,
      "uuid": StringMatching /\\[a-f0-9\\]\\{8\\}-\\[a-f0-9\\]\\{4\\}-\\[a-f0-9\\]\\{4\\}-\\[a-f0-9\\]\\{4\\}-\\[a-f0-9\\]\\{12\\}/,
    },
  ],
}
`;

exports[`Members API Member attribution Creates a SubscriptionCreatedEvent with page attribution 2: [headers] 1`] = `
Object {
  "access-control-allow-origin": "http://127.0.0.1:2369",
  "cache-control": "no-cache, private, no-store, must-revalidate, max-stale=0, post-check=0, pre-check=0",
  "content-length": "2857",
  "content-type": "application/json; charset=utf-8",
  "etag": StringMatching /\\(\\?:W\\\\/\\)\\?"\\(\\?:\\[ !#-\\\\x7E\\\\x80-\\\\xFF\\]\\*\\|\\\\r\\\\n\\[\\\\t \\]\\|\\\\\\\\\\.\\)\\*"/,
  "vary": "Origin, Accept-Encoding",
  "x-powered-by": "Express",
}
`;

exports[`Members API Member attribution Creates a SubscriptionCreatedEvent with post attribution 1: [body] 1`] = `
Object {
  "members": Array [
    Object {
      "attribution": Object {
        "id": "618ba1ffbe2896088840a6df",
        "title": "HTML Ipsum",
        "type": "post",
        "url": "http://127.0.0.1:2369/html-ipsum/",
      },
      "avatar_image": null,
      "comped": false,
      "created_at": StringMatching /\\\\d\\{4\\}-\\\\d\\{2\\}-\\\\d\\{2\\}T\\\\d\\{2\\}:\\\\d\\{2\\}:\\\\d\\{2\\}\\\\\\.000Z/,
      "email": Any<String>,
      "email_count": 0,
      "email_open_rate": null,
      "email_opened_count": 0,
      "geolocation": null,
      "id": StringMatching /\\[a-f0-9\\]\\{24\\}/,
      "labels": Any<Array>,
      "last_seen_at": null,
      "name": null,
      "newsletters": Any<Array>,
      "note": null,
      "status": "paid",
      "subscribed": true,
      "subscriptions": Any<Array>,
      "tiers": Any<Array>,
      "updated_at": StringMatching /\\\\d\\{4\\}-\\\\d\\{2\\}-\\\\d\\{2\\}T\\\\d\\{2\\}:\\\\d\\{2\\}:\\\\d\\{2\\}\\\\\\.000Z/,
      "uuid": StringMatching /\\[a-f0-9\\]\\{8\\}-\\[a-f0-9\\]\\{4\\}-\\[a-f0-9\\]\\{4\\}-\\[a-f0-9\\]\\{4\\}-\\[a-f0-9\\]\\{12\\}/,
    },
  ],
}
`;

exports[`Members API Member attribution Creates a SubscriptionCreatedEvent with post attribution 2: [headers] 1`] = `
Object {
  "access-control-allow-origin": "http://127.0.0.1:2369",
  "cache-control": "no-cache, private, no-store, must-revalidate, max-stale=0, post-check=0, pre-check=0",
  "content-length": "2823",
  "content-type": "application/json; charset=utf-8",
  "etag": StringMatching /\\(\\?:W\\\\/\\)\\?"\\(\\?:\\[ !#-\\\\x7E\\\\x80-\\\\xFF\\]\\*\\|\\\\r\\\\n\\[\\\\t \\]\\|\\\\\\\\\\.\\)\\*"/,
  "vary": "Origin, Accept-Encoding",
  "x-powered-by": "Express",
}
`;

exports[`Members API Member attribution Creates a SubscriptionCreatedEvent with tag attribution 1: [body] 1`] = `
Object {
  "members": Array [
    Object {
      "attribution": Object {
        "id": "618ba1febe2896088840a6db",
        "title": "kitchen sink",
        "type": "tag",
        "url": "http://127.0.0.1:2369/tag/kitchen-sink/",
      },
      "avatar_image": null,
      "comped": false,
      "created_at": StringMatching /\\\\d\\{4\\}-\\\\d\\{2\\}-\\\\d\\{2\\}T\\\\d\\{2\\}:\\\\d\\{2\\}:\\\\d\\{2\\}\\\\\\.000Z/,
      "email": Any<String>,
      "email_count": 0,
      "email_open_rate": null,
      "email_opened_count": 0,
      "geolocation": null,
      "id": StringMatching /\\[a-f0-9\\]\\{24\\}/,
      "labels": Any<Array>,
      "last_seen_at": null,
      "name": null,
      "newsletters": Any<Array>,
      "note": null,
      "status": "paid",
      "subscribed": true,
      "subscriptions": Any<Array>,
      "tiers": Any<Array>,
      "updated_at": StringMatching /\\\\d\\{4\\}-\\\\d\\{2\\}-\\\\d\\{2\\}T\\\\d\\{2\\}:\\\\d\\{2\\}:\\\\d\\{2\\}\\\\\\.000Z/,
      "uuid": StringMatching /\\[a-f0-9\\]\\{8\\}-\\[a-f0-9\\]\\{4\\}-\\[a-f0-9\\]\\{4\\}-\\[a-f0-9\\]\\{4\\}-\\[a-f0-9\\]\\{12\\}/,
    },
  ],
}
`;

exports[`Members API Member attribution Creates a SubscriptionCreatedEvent with tag attribution 2: [headers] 1`] = `
Object {
  "access-control-allow-origin": "http://127.0.0.1:2369",
  "cache-control": "no-cache, private, no-store, must-revalidate, max-stale=0, post-check=0, pre-check=0",
  "content-length": "2837",
  "content-type": "application/json; charset=utf-8",
  "etag": StringMatching /\\(\\?:W\\\\/\\)\\?"\\(\\?:\\[ !#-\\\\x7E\\\\x80-\\\\xFF\\]\\*\\|\\\\r\\\\n\\[\\\\t \\]\\|\\\\\\\\\\.\\)\\*"/,
  "vary": "Origin, Accept-Encoding",
  "x-powered-by": "Express",
}
`;

exports[`Members API Member attribution Creates a SubscriptionCreatedEvent with url attribution 1: [body] 1`] = `
Object {
  "members": Array [
    Object {
      "attribution": Object {
        "id": null,
        "title": "/",
        "type": "url",
        "url": "http://127.0.0.1:2369/",
      },
      "avatar_image": null,
      "comped": false,
      "created_at": StringMatching /\\\\d\\{4\\}-\\\\d\\{2\\}-\\\\d\\{2\\}T\\\\d\\{2\\}:\\\\d\\{2\\}:\\\\d\\{2\\}\\\\\\.000Z/,
      "email": Any<String>,
      "email_count": 0,
      "email_open_rate": null,
      "email_opened_count": 0,
      "geolocation": null,
      "id": StringMatching /\\[a-f0-9\\]\\{24\\}/,
      "labels": Any<Array>,
      "last_seen_at": null,
      "name": null,
      "newsletters": Any<Array>,
      "note": null,
      "status": "paid",
      "subscribed": true,
      "subscriptions": Any<Array>,
      "tiers": Any<Array>,
      "updated_at": StringMatching /\\\\d\\{4\\}-\\\\d\\{2\\}-\\\\d\\{2\\}T\\\\d\\{2\\}:\\\\d\\{2\\}:\\\\d\\{2\\}\\\\\\.000Z/,
      "uuid": StringMatching /\\[a-f0-9\\]\\{8\\}-\\[a-f0-9\\]\\{4\\}-\\[a-f0-9\\]\\{4\\}-\\[a-f0-9\\]\\{4\\}-\\[a-f0-9\\]\\{12\\}/,
    },
  ],
}
`;

exports[`Members API Member attribution Creates a SubscriptionCreatedEvent with url attribution 2: [headers] 1`] = `
Object {
  "access-control-allow-origin": "http://127.0.0.1:2369",
  "cache-control": "no-cache, private, no-store, must-revalidate, max-stale=0, post-check=0, pre-check=0",
  "content-length": "2737",
  "content-type": "application/json; charset=utf-8",
  "etag": StringMatching /\\(\\?:W\\\\/\\)\\?"\\(\\?:\\[ !#-\\\\x7E\\\\x80-\\\\xFF\\]\\*\\|\\\\r\\\\n\\[\\\\t \\]\\|\\\\\\\\\\.\\)\\*"/,
  "vary": "Origin, Accept-Encoding",
  "x-powered-by": "Express",
}
`;

exports[`Members API Member attribution Creates a SubscriptionCreatedEvent without attribution 1: [body] 1`] = `
Object {
  "members": Array [
    Object {
      "attribution": null,
      "avatar_image": null,
      "comped": false,
      "created_at": StringMatching /\\\\d\\{4\\}-\\\\d\\{2\\}-\\\\d\\{2\\}T\\\\d\\{2\\}:\\\\d\\{2\\}:\\\\d\\{2\\}\\\\\\.000Z/,
      "email": Any<String>,
      "email_count": 0,
      "email_open_rate": null,
      "email_opened_count": 0,
      "geolocation": null,
      "id": StringMatching /\\[a-f0-9\\]\\{24\\}/,
      "labels": Any<Array>,
      "last_seen_at": null,
      "name": null,
      "newsletters": Any<Array>,
      "note": null,
      "status": "paid",
      "subscribed": true,
      "subscriptions": Any<Array>,
      "tiers": Any<Array>,
      "updated_at": StringMatching /\\\\d\\{4\\}-\\\\d\\{2\\}-\\\\d\\{2\\}T\\\\d\\{2\\}:\\\\d\\{2\\}:\\\\d\\{2\\}\\\\\\.000Z/,
      "uuid": StringMatching /\\[a-f0-9\\]\\{8\\}-\\[a-f0-9\\]\\{4\\}-\\[a-f0-9\\]\\{4\\}-\\[a-f0-9\\]\\{4\\}-\\[a-f0-9\\]\\{12\\}/,
    },
  ],
}
`;

exports[`Members API Member attribution Creates a SubscriptionCreatedEvent without attribution 2: [headers] 1`] = `
Object {
  "access-control-allow-origin": "http://127.0.0.1:2369",
  "cache-control": "no-cache, private, no-store, must-revalidate, max-stale=0, post-check=0, pre-check=0",
  "content-length": "2611",
  "content-type": "application/json; charset=utf-8",
  "etag": StringMatching /\\(\\?:W\\\\/\\)\\?"\\(\\?:\\[ !#-\\\\x7E\\\\x80-\\\\xFF\\]\\*\\|\\\\r\\\\n\\[\\\\t \\]\\|\\\\\\\\\\.\\)\\*"/,
  "vary": "Origin, Accept-Encoding",
  "x-powered-by": "Express",
}
`;

exports[`Members API Member attribution Returns subscription created attributions in activity feed 1: [body] 1`] = `
Object {
  "events": Array [
    Object {
      "data": Any<Object>,
      "type": Any<String>,
    },
    Object {
      "data": Any<Object>,
      "type": Any<String>,
    },
    Object {
      "data": Any<Object>,
      "type": Any<String>,
    },
    Object {
      "data": Any<Object>,
      "type": Any<String>,
    },
    Object {
      "data": Any<Object>,
      "type": Any<String>,
    },
    Object {
      "data": Any<Object>,
      "type": Any<String>,
    },
    Object {
      "data": Any<Object>,
      "type": Any<String>,
    },
    Object {
      "data": Any<Object>,
      "type": Any<String>,
    },
  ],
}
`;

exports[`Members API Member attribution Returns subscription created attributions in activity feed 1: [headers] 1`] = `
Object {
  "access-control-allow-origin": "http://127.0.0.1:2369",
  "cache-control": "no-cache, private, no-store, must-revalidate, max-stale=0, post-check=0, pre-check=0",
  "content-length": "7784",
  "content-type": "application/json; charset=utf-8",
  "etag": StringMatching /\\(\\?:W\\\\/\\)\\?"\\(\\?:\\[ !#-\\\\x7E\\\\x80-\\\\xFF\\]\\*\\|\\\\r\\\\n\\[\\\\t \\]\\|\\\\\\\\\\.\\)\\*"/,
  "vary": "Origin, Accept-Encoding",
  "x-powered-by": "Express",
}
`;

exports[`Members API Member attribution Returns subscription created attributions in activity feed 2: [headers] 1`] = `
Object {
  "access-control-allow-origin": "http://127.0.0.1:2369",
  "cache-control": "no-cache, private, no-store, must-revalidate, max-stale=0, post-check=0, pre-check=0",
  "content-length": "13523",
  "content-type": "application/json; charset=utf-8",
  "etag": StringMatching /\\(\\?:W\\\\/\\)\\?"\\(\\?:\\[ !#-\\\\x7E\\\\x80-\\\\xFF\\]\\*\\|\\\\r\\\\n\\[\\\\t \\]\\|\\\\\\\\\\.\\)\\*"/,
  "vary": "Origin, Accept-Encoding",
  "x-powered-by": "Express",
}
`;

exports[`Members API Member attribution empty initial activity feed 1: [body] 1`] = `
Object {
  "events": Array [],
}
`;

exports[`Members API Member attribution empty initial activity feed 2: [headers] 1`] = `
Object {
  "access-control-allow-origin": "http://127.0.0.1:2369",
  "cache-control": "no-cache, private, no-store, must-revalidate, max-stale=0, post-check=0, pre-check=0",
  "content-length": "13",
  "content-type": "application/json; charset=utf-8",
  "etag": StringMatching /\\(\\?:W\\\\/\\)\\?"\\(\\?:\\[ !#-\\\\x7E\\\\x80-\\\\xFF\\]\\*\\|\\\\r\\\\n\\[\\\\t \\]\\|\\\\\\\\\\.\\)\\*"/,
  "vary": "Origin, Accept-Encoding",
  "x-powered-by": "Express",
}
`;
