// Jest Snapshot v1, https://goo.gl/fbAQLP

exports[`Explore API Read Can request Explore data 1: [body] 1`] = `
Object {
  "explore": Object {
    "mostRecentlyPublishedAt": StringMatching /\\\\d\\{4\\}-\\\\d\\{2\\}-\\\\d\\{2\\}T\\\\d\\{2\\}:\\\\d\\{2\\}:\\\\d\\{2\\}\\\\\\.000Z/,
    "mrrStats": Object {
      "data": Array [
        Object {
          "currency": "usd",
          "date": StringMatching /\\\\d\\{4\\}-\\\\d\\{2\\}-\\\\d\\{2\\}/,
          "mrr": 0,
        },
        Object {
          "currency": "usd",
          "date": StringMatching /\\\\d\\{4\\}-\\\\d\\{2\\}-\\\\d\\{2\\}/,
          "mrr": 1000,
        },
      ],
      "meta": Object {
        "totals": Array [
          Object {
            "currency": "usd",
            "mrr": 1000,
          },
        ],
      },
    },
    "ownerEmail": "jbloggs@example.com",
    "site": Object {
      "description": "Thoughts, stories and ideas",
      "icon": null,
      "title": "Ghost",
      "url": "http://127.0.0.1:2369/",
    },
    "stripe": Object {
      "configured": true,
      "livemode": false,
    },
    "totalMembers": 8,
    "version": StringMatching /\\\\d\\+\\\\\\.\\\\d\\+\\\\\\.\\\\d\\+/,
  },
}
`;

exports[`Explore API Read Can request Explore data 2: [headers] 1`] = `
Object {
  "access-control-allow-origin": "http://127.0.0.1:2369",
  "cache-control": "no-cache, private, no-store, must-revalidate, max-stale=0, post-check=0, pre-check=0",
  "content-length": "463",
  "content-type": "application/json; charset=utf-8",
  "etag": StringMatching /\\(\\?:W\\\\/\\)\\?"\\(\\?:\\[ !#-\\\\x7E\\\\x80-\\\\xFF\\]\\*\\|\\\\r\\\\n\\[\\\\t \\]\\|\\\\\\\\\\.\\)\\*"/,
  "vary": "Origin, Accept-Encoding",
  "x-powered-by": "Express",
}
`;
