// Jest Snapshot v1, https://goo.gl/fbAQLP

exports[`Members API — exportCSV Can export a member without products 1: [headers] 1`] = `
Object {
  "access-control-allow-origin": "http://127.0.0.1:2369",
  "cache-control": "no-cache, private, no-store, must-revalidate, max-stale=0, post-check=0, pre-check=0",
  "content-disposition": Any<String>,
  "content-length": Any<String>,
  "content-type": "text/csv; charset=utf-8",
  "etag": StringMatching /\\(\\?:W\\\\/\\)\\?"\\(\\?:\\[ !#-\\\\x7E\\\\x80-\\\\xFF\\]\\*\\|\\\\r\\\\n\\[\\\\t \\]\\|\\\\\\\\\\.\\)\\*"/,
  "vary": "Origin, Accept-Encoding",
  "x-powered-by": "Express",
}
`;

exports[`Members API — exportCSV Can export a member without products 2: [headers] 1`] = `
Object {
  "access-control-allow-origin": "http://127.0.0.1:2369",
  "cache-control": "no-cache, private, no-store, must-revalidate, max-stale=0, post-check=0, pre-check=0",
  "content-disposition": Any<String>,
  "content-length": Any<String>,
  "content-type": "text/csv; charset=utf-8",
  "etag": StringMatching /\\(\\?:W\\\\/\\)\\?"\\(\\?:\\[ !#-\\\\x7E\\\\x80-\\\\xFF\\]\\*\\|\\\\r\\\\n\\[\\\\t \\]\\|\\\\\\\\\\.\\)\\*"/,
  "vary": "Origin, Accept-Encoding",
  "x-powered-by": "Express",
}
`;

exports[`Members API — exportCSV Can export a member without products 3: [headers] 1`] = `
Object {
  "access-control-allow-origin": "http://127.0.0.1:2369",
  "cache-control": "no-cache, private, no-store, must-revalidate, max-stale=0, post-check=0, pre-check=0",
  "content-disposition": Any<String>,
  "content-length": Any<String>,
  "content-type": "text/csv; charset=utf-8",
  "etag": StringMatching /\\(\\?:W\\\\/\\)\\?"\\(\\?:\\[ !#-\\\\x7E\\\\x80-\\\\xFF\\]\\*\\|\\\\r\\\\n\\[\\\\t \\]\\|\\\\\\\\\\.\\)\\*"/,
  "vary": "Origin, Accept-Encoding",
  "x-powered-by": "Express",
}
`;

exports[`Members API — exportCSV Can export comped 1: [headers] 1`] = `
Object {
  "access-control-allow-origin": "http://127.0.0.1:2369",
  "cache-control": "no-cache, private, no-store, must-revalidate, max-stale=0, post-check=0, pre-check=0",
  "content-disposition": Any<String>,
  "content-length": Any<String>,
  "content-type": "text/csv; charset=utf-8",
  "etag": StringMatching /\\(\\?:W\\\\/\\)\\?"\\(\\?:\\[ !#-\\\\x7E\\\\x80-\\\\xFF\\]\\*\\|\\\\r\\\\n\\[\\\\t \\]\\|\\\\\\\\\\.\\)\\*"/,
  "vary": "Origin, Accept-Encoding",
  "x-powered-by": "Express",
}
`;

exports[`Members API — exportCSV Can export comped 2: [headers] 1`] = `
Object {
  "access-control-allow-origin": "http://127.0.0.1:2369",
  "cache-control": "no-cache, private, no-store, must-revalidate, max-stale=0, post-check=0, pre-check=0",
  "content-disposition": Any<String>,
  "content-length": Any<String>,
  "content-type": "text/csv; charset=utf-8",
  "etag": StringMatching /\\(\\?:W\\\\/\\)\\?"\\(\\?:\\[ !#-\\\\x7E\\\\x80-\\\\xFF\\]\\*\\|\\\\r\\\\n\\[\\\\t \\]\\|\\\\\\\\\\.\\)\\*"/,
  "vary": "Origin, Accept-Encoding",
  "x-powered-by": "Express",
}
`;

exports[`Members API — exportCSV Can export comped 3: [headers] 1`] = `
Object {
  "access-control-allow-origin": "http://127.0.0.1:2369",
  "cache-control": "no-cache, private, no-store, must-revalidate, max-stale=0, post-check=0, pre-check=0",
  "content-disposition": Any<String>,
  "content-length": Any<String>,
  "content-type": "text/csv; charset=utf-8",
  "etag": StringMatching /\\(\\?:W\\\\/\\)\\?"\\(\\?:\\[ !#-\\\\x7E\\\\x80-\\\\xFF\\]\\*\\|\\\\r\\\\n\\[\\\\t \\]\\|\\\\\\\\\\.\\)\\*"/,
  "vary": "Origin, Accept-Encoding",
  "x-powered-by": "Express",
}
`;

exports[`Members API — exportCSV Can export comped 4: [headers] 1`] = `
Object {
  "access-control-allow-origin": "http://127.0.0.1:2369",
  "cache-control": "no-cache, private, no-store, must-revalidate, max-stale=0, post-check=0, pre-check=0",
  "content-disposition": Any<String>,
  "content-length": Any<String>,
  "content-type": "text/csv; charset=utf-8",
  "etag": StringMatching /\\(\\?:W\\\\/\\)\\?"\\(\\?:\\[ !#-\\\\x7E\\\\x80-\\\\xFF\\]\\*\\|\\\\r\\\\n\\[\\\\t \\]\\|\\\\\\\\\\.\\)\\*"/,
  "vary": "Origin, Accept-Encoding",
  "x-powered-by": "Express",
}
`;

exports[`Members API — exportCSV Can export customer id 1: [headers] 1`] = `
Object {
  "access-control-allow-origin": "http://127.0.0.1:2369",
  "cache-control": "no-cache, private, no-store, must-revalidate, max-stale=0, post-check=0, pre-check=0",
  "content-disposition": Any<String>,
  "content-length": Any<String>,
  "content-type": "text/csv; charset=utf-8",
  "etag": StringMatching /\\(\\?:W\\\\/\\)\\?"\\(\\?:\\[ !#-\\\\x7E\\\\x80-\\\\xFF\\]\\*\\|\\\\r\\\\n\\[\\\\t \\]\\|\\\\\\\\\\.\\)\\*"/,
  "vary": "Origin, Accept-Encoding",
  "x-powered-by": "Express",
}
`;

exports[`Members API — exportCSV Can export customer id 2: [headers] 1`] = `
Object {
  "access-control-allow-origin": "http://127.0.0.1:2369",
  "cache-control": "no-cache, private, no-store, must-revalidate, max-stale=0, post-check=0, pre-check=0",
  "content-disposition": Any<String>,
  "content-length": Any<String>,
  "content-type": "text/csv; charset=utf-8",
  "etag": StringMatching /\\(\\?:W\\\\/\\)\\?"\\(\\?:\\[ !#-\\\\x7E\\\\x80-\\\\xFF\\]\\*\\|\\\\r\\\\n\\[\\\\t \\]\\|\\\\\\\\\\.\\)\\*"/,
  "vary": "Origin, Accept-Encoding",
  "x-powered-by": "Express",
}
`;

exports[`Members API — exportCSV Can export customer id 3: [headers] 1`] = `
Object {
  "access-control-allow-origin": "http://127.0.0.1:2369",
  "cache-control": "no-cache, private, no-store, must-revalidate, max-stale=0, post-check=0, pre-check=0",
  "content-disposition": Any<String>,
  "content-length": Any<String>,
  "content-type": "text/csv; charset=utf-8",
  "etag": StringMatching /\\(\\?:W\\\\/\\)\\?"\\(\\?:\\[ !#-\\\\x7E\\\\x80-\\\\xFF\\]\\*\\|\\\\r\\\\n\\[\\\\t \\]\\|\\\\\\\\\\.\\)\\*"/,
  "vary": "Origin, Accept-Encoding",
  "x-powered-by": "Express",
}
`;

exports[`Members API — exportCSV Can export customer id 4: [headers] 1`] = `
Object {
  "access-control-allow-origin": "http://127.0.0.1:2369",
  "cache-control": "no-cache, private, no-store, must-revalidate, max-stale=0, post-check=0, pre-check=0",
  "content-disposition": Any<String>,
  "content-length": Any<String>,
  "content-type": "text/csv; charset=utf-8",
  "etag": StringMatching /\\(\\?:W\\\\/\\)\\?"\\(\\?:\\[ !#-\\\\x7E\\\\x80-\\\\xFF\\]\\*\\|\\\\r\\\\n\\[\\\\t \\]\\|\\\\\\\\\\.\\)\\*"/,
  "vary": "Origin, Accept-Encoding",
  "x-powered-by": "Express",
}
`;

exports[`Members API — exportCSV Can export labels 1: [headers] 1`] = `
Object {
  "access-control-allow-origin": "http://127.0.0.1:2369",
  "cache-control": "no-cache, private, no-store, must-revalidate, max-stale=0, post-check=0, pre-check=0",
  "content-disposition": Any<String>,
  "content-length": Any<String>,
  "content-type": "text/csv; charset=utf-8",
  "etag": StringMatching /\\(\\?:W\\\\/\\)\\?"\\(\\?:\\[ !#-\\\\x7E\\\\x80-\\\\xFF\\]\\*\\|\\\\r\\\\n\\[\\\\t \\]\\|\\\\\\\\\\.\\)\\*"/,
  "vary": "Origin, Accept-Encoding",
  "x-powered-by": "Express",
}
`;

exports[`Members API — exportCSV Can export labels 2: [headers] 1`] = `
Object {
  "access-control-allow-origin": "http://127.0.0.1:2369",
  "cache-control": "no-cache, private, no-store, must-revalidate, max-stale=0, post-check=0, pre-check=0",
  "content-disposition": Any<String>,
  "content-length": Any<String>,
  "content-type": "text/csv; charset=utf-8",
  "etag": StringMatching /\\(\\?:W\\\\/\\)\\?"\\(\\?:\\[ !#-\\\\x7E\\\\x80-\\\\xFF\\]\\*\\|\\\\r\\\\n\\[\\\\t \\]\\|\\\\\\\\\\.\\)\\*"/,
  "vary": "Origin, Accept-Encoding",
  "x-powered-by": "Express",
}
`;

exports[`Members API — exportCSV Can export labels 3: [headers] 1`] = `
Object {
  "access-control-allow-origin": "http://127.0.0.1:2369",
  "cache-control": "no-cache, private, no-store, must-revalidate, max-stale=0, post-check=0, pre-check=0",
  "content-disposition": Any<String>,
  "content-length": Any<String>,
  "content-type": "text/csv; charset=utf-8",
  "etag": StringMatching /\\(\\?:W\\\\/\\)\\?"\\(\\?:\\[ !#-\\\\x7E\\\\x80-\\\\xFF\\]\\*\\|\\\\r\\\\n\\[\\\\t \\]\\|\\\\\\\\\\.\\)\\*"/,
  "vary": "Origin, Accept-Encoding",
  "x-powered-by": "Express",
}
`;

exports[`Members API — exportCSV Can export labels 4: [headers] 1`] = `
Object {
  "access-control-allow-origin": "http://127.0.0.1:2369",
  "cache-control": "no-cache, private, no-store, must-revalidate, max-stale=0, post-check=0, pre-check=0",
  "content-disposition": Any<String>,
  "content-length": Any<String>,
  "content-type": "text/csv; charset=utf-8",
  "etag": StringMatching /\\(\\?:W\\\\/\\)\\?"\\(\\?:\\[ !#-\\\\x7E\\\\x80-\\\\xFF\\]\\*\\|\\\\r\\\\n\\[\\\\t \\]\\|\\\\\\\\\\.\\)\\*"/,
  "vary": "Origin, Accept-Encoding",
  "x-powered-by": "Express",
}
`;

exports[`Members API — exportCSV Can export newsletters 1: [headers] 1`] = `
Object {
  "access-control-allow-origin": "http://127.0.0.1:2369",
  "cache-control": "no-cache, private, no-store, must-revalidate, max-stale=0, post-check=0, pre-check=0",
  "content-disposition": Any<String>,
  "content-length": Any<String>,
  "content-type": "text/csv; charset=utf-8",
  "etag": StringMatching /\\(\\?:W\\\\/\\)\\?"\\(\\?:\\[ !#-\\\\x7E\\\\x80-\\\\xFF\\]\\*\\|\\\\r\\\\n\\[\\\\t \\]\\|\\\\\\\\\\.\\)\\*"/,
  "vary": "Origin, Accept-Encoding",
  "x-powered-by": "Express",
}
`;

exports[`Members API — exportCSV Can export newsletters 2: [headers] 1`] = `
Object {
  "access-control-allow-origin": "http://127.0.0.1:2369",
  "cache-control": "no-cache, private, no-store, must-revalidate, max-stale=0, post-check=0, pre-check=0",
  "content-disposition": Any<String>,
  "content-length": Any<String>,
  "content-type": "text/csv; charset=utf-8",
  "etag": StringMatching /\\(\\?:W\\\\/\\)\\?"\\(\\?:\\[ !#-\\\\x7E\\\\x80-\\\\xFF\\]\\*\\|\\\\r\\\\n\\[\\\\t \\]\\|\\\\\\\\\\.\\)\\*"/,
  "vary": "Origin, Accept-Encoding",
  "x-powered-by": "Express",
}
`;

exports[`Members API — exportCSV Can export newsletters 3: [headers] 1`] = `
Object {
  "access-control-allow-origin": "http://127.0.0.1:2369",
  "cache-control": "no-cache, private, no-store, must-revalidate, max-stale=0, post-check=0, pre-check=0",
  "content-disposition": Any<String>,
  "content-length": Any<String>,
  "content-type": "text/csv; charset=utf-8",
  "etag": StringMatching /\\(\\?:W\\\\/\\)\\?"\\(\\?:\\[ !#-\\\\x7E\\\\x80-\\\\xFF\\]\\*\\|\\\\r\\\\n\\[\\\\t \\]\\|\\\\\\\\\\.\\)\\*"/,
  "vary": "Origin, Accept-Encoding",
  "x-powered-by": "Express",
}
`;

exports[`Members API — exportCSV Can export products 1: [headers] 1`] = `
Object {
  "access-control-allow-origin": "http://127.0.0.1:2369",
  "cache-control": "no-cache, private, no-store, must-revalidate, max-stale=0, post-check=0, pre-check=0",
  "content-disposition": Any<String>,
  "content-length": Any<String>,
  "content-type": "text/csv; charset=utf-8",
  "etag": StringMatching /\\(\\?:W\\\\/\\)\\?"\\(\\?:\\[ !#-\\\\x7E\\\\x80-\\\\xFF\\]\\*\\|\\\\r\\\\n\\[\\\\t \\]\\|\\\\\\\\\\.\\)\\*"/,
  "vary": "Origin, Accept-Encoding",
  "x-powered-by": "Express",
}
`;

exports[`Members API — exportCSV Can export products 2: [headers] 1`] = `
Object {
  "access-control-allow-origin": "http://127.0.0.1:2369",
  "cache-control": "no-cache, private, no-store, must-revalidate, max-stale=0, post-check=0, pre-check=0",
  "content-disposition": Any<String>,
  "content-length": Any<String>,
  "content-type": "text/csv; charset=utf-8",
  "etag": StringMatching /\\(\\?:W\\\\/\\)\\?"\\(\\?:\\[ !#-\\\\x7E\\\\x80-\\\\xFF\\]\\*\\|\\\\r\\\\n\\[\\\\t \\]\\|\\\\\\\\\\.\\)\\*"/,
  "vary": "Origin, Accept-Encoding",
  "x-powered-by": "Express",
}
`;

exports[`Members API — exportCSV Can export products 3: [headers] 1`] = `
Object {
  "access-control-allow-origin": "http://127.0.0.1:2369",
  "cache-control": "no-cache, private, no-store, must-revalidate, max-stale=0, post-check=0, pre-check=0",
  "content-disposition": Any<String>,
  "content-length": Any<String>,
  "content-type": "text/csv; charset=utf-8",
  "etag": StringMatching /\\(\\?:W\\\\/\\)\\?"\\(\\?:\\[ !#-\\\\x7E\\\\x80-\\\\xFF\\]\\*\\|\\\\r\\\\n\\[\\\\t \\]\\|\\\\\\\\\\.\\)\\*"/,
  "vary": "Origin, Accept-Encoding",
  "x-powered-by": "Express",
}
`;

exports[`Members API — exportCSV Can export products 4: [headers] 1`] = `
Object {
  "access-control-allow-origin": "http://127.0.0.1:2369",
  "cache-control": "no-cache, private, no-store, must-revalidate, max-stale=0, post-check=0, pre-check=0",
  "content-disposition": Any<String>,
  "content-length": Any<String>,
  "content-type": "text/csv; charset=utf-8",
  "etag": StringMatching /\\(\\?:W\\\\/\\)\\?"\\(\\?:\\[ !#-\\\\x7E\\\\x80-\\\\xFF\\]\\*\\|\\\\r\\\\n\\[\\\\t \\]\\|\\\\\\\\\\.\\)\\*"/,
  "vary": "Origin, Accept-Encoding",
  "x-powered-by": "Express",
}
`;
